Microchip MPLAB XC8 Compiler V1.33 ()

Linker command line:

-W-3 --edf=/opt/microchip/xc8/v1.33/dat/en_msgs.txt -cs \
  -h+dist/default/production/pulsonic.X.production.sym \
  --cmf=dist/default/production/pulsonic.X.production.cmf -z -Q18F4550 \
  -o/tmp/cgtys4xgk -Mdist/default/production/pulsonic.X.production.map -E1 \
  -ver=XC8 -ASTACK=02BFh-07ffh -pstack=STACK -ACODE=00h-07FFFh \
  -ACONST=00h-07FFFh -ASMALLCONST=0800h-08FFhx120 \
  -AMEDIUMCONST=0800h-07FFFh -ACOMRAM=01h-05Fh -AABS1=00h-07FFh \
  -ABIGRAM=01h-07FFh -ARAM=060h-0FFh,0100h-01FFhx7 -ABANK0=060h-0FFh \
  -ABANK1=0100h-01FFh -ABANK2=0200h-02FFh -ABANK3=0300h-03FFh \
  -ABANK4=0400h-04FFh -ABANK5=0500h-05FFh -ABANK6=0600h-06FFh \
  -ABANK7=0700h-07FFh -ASFR=0F60h-0FFFh \
  -preset_vec=00h,intcode=08h,intcodelo,powerup,init,end_init \
  -pramtop=0800h -psmallconst=SMALLCONST -pmediumconst=MEDIUMCONST \
  -pconst=CONST -AFARRAM=00h-00h -ACONFIG=0300000h-030000Dh -pconfig=CONFIG \
  -AIDLOC=0200000h-0200007h -pidloc=IDLOC -AEEDATA=0F00000h-0F000FFh \
  -peeprom_data=EEDATA \
  -prdata=COMRAM,nvrram=COMRAM,nvbit=COMRAM,rbss=COMRAM,rbit=COMRAM \
  -pfarbss=FARRAM,fardata=FARRAM,nvFARRAM=FARRAM \
  -pintsave_regs=BIGRAM,bigbss=BIGRAM,bigdata=BIGRAM -pbss=RAM \
  -pidata=CODE,irdata=CODE,ibigdata=CODE,ifardata=CODE /tmp/cgtzxPy5f.obj \
  dist/default/production/pulsonic.X.production.obj 

Object code version is 3.11

Machine type is 18F4550

Call graph: (short form)




                Name                               Link     Load   Length Selector   Space Scale
/tmp/cgtzxPy5f.obj
                end_init                             18       18        4        4       0
                reset_vec                             0        0        4        0       0
                idloc                            200000   200000        8   200000       0
                config                           300000   300000        E   300000       0
dist/default/production/pulsonic.X.production.obj
                intcode                               8        8       10        4       0
                smallconst                          800      800       22      400       0
                text126                            40F0     40F0        4     1FF6       0
                text125                            40B6     40B6        6     1FF6       0
                text124                            40B0     40B0        6     1FF6       0
                text123                            40AA     40AA        6     1FF6       0
                text122                            40A4     40A4        6     1FF6       0
                text121                            39F2     39F2       40      411       0
                text120                            3718     3718       54      411       0
                text119                            37BE     37BE       4C      411       0
                text118                            34E8     34E8       64      411       0
                text117                            36C0     36C0       58      411       0
                text116                            3288     3288       84      411       0
                text115                            3DDC     3DDC       24      411       0
                text114                            2B7A     2B7A       B2      411       0
                text113                            3B4E     3B4E       32      411       0
                intcode_body                       2576     2576      108      411       0
                text111                            3204     3204       84      411       0
                text110                            241A     241A      15C      411       0
                text108                            3BDE     3BDE       2E      411       0
                text107                            2A02     2A02       C0      411       0
                text106                            402E     402E        C     1FF6       0
                text105                            3C64     3C64       28      411       0
                text104                            3D4A     3D4A       26      411       0
                text103                            3FC8     3FC8       12      411       0
                text102                            2EAE     2EAE       96      411       0
                text101                            3854     3854       48      411       0
                text100                            2F44     2F44       94      411       0
                text99                             4062     4062        A     1FF6       0
                text98                             3F2E     3F2E       1A      411       0
                text97                             3668     3668       58      411       0
                text96                             39AE     39AE       44      411       0
                text95                             4022     4022        C     1FF6       0
                text94                             4058     4058        A     1FF6       0
                text93                             1030     1030      46C      411       0
                text92                             2AC2     2AC2       B8      411       0
                text91                             292E     292E       D4      411       0
                text90                             3DB8     3DB8       24      411       0
                text89                             1BD6     1BD6      26E      411       0
                text88                             40EC     40EC        4     1FF6       0
                text87                             409E     409E        6     1FF6       0
                text86                             404E     404E        A     1FF6       0
                text85                             3E44     3E44       22      411       0
                text84                             3D24     3D24       26      411       0
                text83                             380A     380A       4A      411       0
                text82                             3A70     3A70       3E      411       0
                text81                             2FD8     2FD8       92      411       0
                text80                             3A32     3A32       3E      411       0
                text79                             3E22     3E22       22      411       0
                text78                             267E     267E       F8      411       0
                text77                             3F60     3F60       18      411       0
                text76                             3AAE     3AAE       3C      411       0
                text75                             1E44     1E44      210      411       0
                text74                             3EC0     3EC0       1E      411       0
                text73                             338E     338E       78      411       0
                text72                             3CFE     3CFE       26      411       0
                text71                             4016     4016        C     1FF6       0
                text70                             3FFC     3FFC        E     1FF6       0
                text69                             3F48     3F48       18      411       0
                text68                             3FB6     3FB6       12      411       0
                text67                             317E     317E       86      411       0
                text65                             396A     396A       44      411       0
                text64                             3CD8     3CD8       26      411       0
                text63                             3FA2     3FA2       14      411       0
                text62                             40E8     40E8        4     1FF6       0
                text61                             3D94     3D94       24      411       0
                text60                             4084     4084        8     1FF6       0
                text59                             3EA2     3EA2       1E      411       0
                text58                             3E84     3E84       1E      411       0
                text57                             3F14     3F14       1A      411       0
                text56                             3B80     3B80       30      411       0
                text55                             3CB2     3CB2       26      411       0
                text54                             149C     149C      3EE      411       0
                text53                             3D70     3D70       24      411       0
                text52                             40E4     40E4        4     1FF6       0
                text51                             40E0     40E0        4     1FF6       0
                text50                             40DC     40DC        4     1FF6       0
                text49                             40D8     40D8        4     1FF6       0
                text48                             40D4     40D4        4     1FF6       0
                text47                             40D0     40D0        4     1FF6       0
                text46                             40CC     40CC        4     1FF6       0
                text45                             40C8     40C8        4     1FF6       0
                text44                             40C4     40C4        4     1FF6       0
                text43                             40C0     40C0        4     1FF6       0
                text42                             3926     3926       44      411       0
                text41                             376C     376C       52      411       0
                text40                             2CD2     2CD2       A6      411       0
                text39                             330C     330C       82      411       0
                text38                             38E2     38E2       44      411       0
                text37                             3EDE     3EDE       1C      411       0
                text36                             3C8C     3C8C       26      411       0
                text35                             4098     4098        6     1FF6       0
                text34                             3C38     3C38       2C      411       0
                text33                             389C     389C       46      411       0
                text32                             3B1C     3B1C       32      411       0
                text31                             4092     4092        6     1FF6       0
                text30                             306A     306A       8E      411       0
                text29                             3FEC     3FEC       10     1FF6       0
                text28                             3C0C     3C0C       2C      411       0
                text27                             3E00     3E00       22      411       0
                text26                             40BC     40BC        4     1FF6       0
                text25                             2856     2856       D8      411       0
                text24                             2E18     2E18       96      411       0
                text23                             2776     2776       E0      411       0
                text22                             2C2C     2C2C       A6      411       0
                text21                             347A     347A       6E      411       0
                text20                             3406     3406       74      411       0
                text19                             360E     360E       5A      411       0
                text18                              822      822      80E      411       0
                text17                             407C     407C        8     1FF6       0
                text16                             4074     4074        8     1FF6       0
                text15                             4044     4044        A     1FF6       0
                text14                             403A     403A        A     1FF6       0
                text13                             408C     408C        6     1FF6       0
                text12                             2054     2054      1F2      411       0
                text11                             406C     406C        8     1FF6       0
                text10                             354C     354C       62      411       0
                text9                              400A     400A        C     1FF6       0
                text8                              3E66     3E66       1E      411       0
                text7                              3BB0     3BB0       2E      411       0
                text6                              2246     2246      1D4      411       0
                text5                              35AE     35AE       60      411       0
                text4                              3AEA     3AEA       32      411       0
                text3                              3EFA     3EFA       1A      411       0
                text2                              30F8     30F8       86      411       0
                text1                              3F78     3F78       16      411       0
                text0                              188A     188A      34C      411       0
                cstackCOMRAM                          1        1       22        1       1
                cstackBANK0                          60       60       50       60       1
                cstackBANK1                         164      164       12      100       1
                bssBIGRAM                           176      176      149      176       1
                dataBANK1                           150      150       14      100       1
                bssBANK1                            100      100       50      100       1
                dataBANK0                            EF       EF       11       60       1
                bssBANK0                             B0       B0       3F       60       1
                dataCOMRAM                           42       42        3        1       1
                bssCOMRAM                            23       23       1F        1       1
                cinit                              2D78     2D78       A0      411       0
                idataBANK1                         3F8E     3F8E       14      411       0
                idataBANK0                         3FDA     3FDA       11      411       0
                idataCOMRAM                        40F4     40F4        3     1FF6       0

TOTAL           Name                               Link     Load   Length     Space
        CLASS   STACK          

        CLASS   CODE           
                end_init                             18       18        4         0
                intcode                               8        8       10         0
                reset_vec                             0        0        4         0
                text126                            40F0     40F0        4         0
                text125                            40B6     40B6        6         0
                text124                            40B0     40B0        6         0
                text123                            40AA     40AA        6         0
                text122                            40A4     40A4        6         0
                text121                            39F2     39F2       40         0
                text120                            3718     3718       54         0
                text119                            37BE     37BE       4C         0
                text118                            34E8     34E8       64         0
                text117                            36C0     36C0       58         0
                text116                            3288     3288       84         0
                text115                            3DDC     3DDC       24         0
                text114                            2B7A     2B7A       B2         0
                text113                            3B4E     3B4E       32         0
                intcode_body                       2576     2576      108         0
                text111                            3204     3204       84         0
                text110                            241A     241A      15C         0
                text108                            3BDE     3BDE       2E         0
                text107                            2A02     2A02       C0         0
                text106                            402E     402E        C         0
                text105                            3C64     3C64       28         0
                text104                            3D4A     3D4A       26         0
                text103                            3FC8     3FC8       12         0
                text102                            2EAE     2EAE       96         0
                text101                            3854     3854       48         0
                text100                            2F44     2F44       94         0
                text99                             4062     4062        A         0
                text98                             3F2E     3F2E       1A         0
                text97                             3668     3668       58         0
                text96                             39AE     39AE       44         0
                text95                             4022     4022        C         0
                text94                             4058     4058        A         0
                text93                             1030     1030      46C         0
                text92                             2AC2     2AC2       B8         0
                text91                             292E     292E       D4         0
                text90                             3DB8     3DB8       24         0
                text89                             1BD6     1BD6      26E         0
                text88                             40EC     40EC        4         0
                text87                             409E     409E        6         0
                text86                             404E     404E        A         0
                text85                             3E44     3E44       22         0
                text84                             3D24     3D24       26         0
                text83                             380A     380A       4A         0
                text82                             3A70     3A70       3E         0
                text81                             2FD8     2FD8       92         0
                text80                             3A32     3A32       3E         0
                text79                             3E22     3E22       22         0
                text78                             267E     267E       F8         0
                text77                             3F60     3F60       18         0
                text76                             3AAE     3AAE       3C         0
                text75                             1E44     1E44      210         0
                text74                             3EC0     3EC0       1E         0
                text73                             338E     338E       78         0
                text72                             3CFE     3CFE       26         0
                text71                             4016     4016        C         0
                text70                             3FFC     3FFC        E         0
                text69                             3F48     3F48       18         0
                text68                             3FB6     3FB6       12         0
                text67                             317E     317E       86         0
                text65                             396A     396A       44         0
                text64                             3CD8     3CD8       26         0
                text63                             3FA2     3FA2       14         0
                text62                             40E8     40E8        4         0
                text61                             3D94     3D94       24         0
                text60                             4084     4084        8         0
                text59                             3EA2     3EA2       1E         0
                text58                             3E84     3E84       1E         0
                text57                             3F14     3F14       1A         0
                text56                             3B80     3B80       30         0
                text55                             3CB2     3CB2       26         0
                text54                             149C     149C      3EE         0
                text53                             3D70     3D70       24         0
                text52                             40E4     40E4        4         0
                text51                             40E0     40E0        4         0
                text50                             40DC     40DC        4         0
                text49                             40D8     40D8        4         0
                text48                             40D4     40D4        4         0
                text47                             40D0     40D0        4         0
                text46                             40CC     40CC        4         0
                text45                             40C8     40C8        4         0
                text44                             40C4     40C4        4         0
                text43                             40C0     40C0        4         0
                text42                             3926     3926       44         0
                text41                             376C     376C       52         0
                text40                             2CD2     2CD2       A6         0
                text39                             330C     330C       82         0
                text38                             38E2     38E2       44         0
                text37                             3EDE     3EDE       1C         0
                text36                             3C8C     3C8C       26         0
                text35                             4098     4098        6         0
                text34                             3C38     3C38       2C         0
                text33                             389C     389C       46         0
                text32                             3B1C     3B1C       32         0
                text31                             4092     4092        6         0
                text30                             306A     306A       8E         0
                text29                             3FEC     3FEC       10         0
                text28                             3C0C     3C0C       2C         0
                text27                             3E00     3E00       22         0
                text26                             40BC     40BC        4         0
                text25                             2856     2856       D8         0
                text24                             2E18     2E18       96         0
                text23                             2776     2776       E0         0
                text22                             2C2C     2C2C       A6         0
                text21                             347A     347A       6E         0
                text20                             3406     3406       74         0
                text19                             360E     360E       5A         0
                text18                              822      822      80E         0
                text17                             407C     407C        8         0
                text16                             4074     4074        8         0
                text15                             4044     4044        A         0
                text14                             403A     403A        A         0
                text13                             408C     408C        6         0
                text12                             2054     2054      1F2         0
                text11                             406C     406C        8         0
                text10                             354C     354C       62         0
                text9                              400A     400A        C         0
                text8                              3E66     3E66       1E         0
                text7                              3BB0     3BB0       2E         0
                text6                              2246     2246      1D4         0
                text5                              35AE     35AE       60         0
                text4                              3AEA     3AEA       32         0
                text3                              3EFA     3EFA       1A         0
                text2                              30F8     30F8       86         0
                text1                              3F78     3F78       16         0
                text0                              188A     188A      34C         0
                cinit                              2D78     2D78       A0         0
                idataBANK1                         3F8E     3F8E       14         0
                idataBANK0                         3FDA     3FDA       11         0
                idataCOMRAM                        40F4     40F4        3         0

        CLASS   CONST          

        CLASS   SMALLCONST     
                smallconst                          800      800       22         0

        CLASS   MEDIUMCONST    

        CLASS   COMRAM         
                cstackCOMRAM                          1        1       22         1
                dataCOMRAM                           42       42        3         1
                bssCOMRAM                            23       23       1F         1

        CLASS   ABS1           

        CLASS   BIGRAM         
                bssBIGRAM                           176      176      149         1

        CLASS   RAM            

        CLASS   BANK0          
                cstackBANK0                          60       60       50         1
                dataBANK0                            EF       EF       11         1
                bssBANK0                             B0       B0       3F         1

        CLASS   BANK1          
                cstackBANK1                         164      164       12         1
                dataBANK1                           150      150       14         1
                bssBANK1                            100      100       50         1

        CLASS   BANK2          

        CLASS   BANK3          

        CLASS   BANK4          

        CLASS   BANK5          

        CLASS   BANK6          

        CLASS   BANK7          

        CLASS   SFR            

        CLASS   FARRAM         

        CLASS   CONFIG         
                config                           300000   300000        E         0

        CLASS   IDLOC          
                idloc                            200000   200000        8         0

        CLASS   EEDATA         



SEGMENTS        Name                           Load    Length   Top    Selector   Space  Class

                reset_vec                      000000  000004  000004         0       0  CODE    
                cstackCOMRAM                   000001  000044  000045         1       1  COMRAM  
                intcode                        000008  000014  00001C         4       0  CODE    
                cstackBANK0                    000060  0000A0  000100        60       1  BANK0   
                bssBANK1                       000100  000076  000176       100       1  BANK1   
                bssBIGRAM                      000176  000149  0002BF       176       1  BIGRAM  
                smallconst                     000800  000022  000822       400       0  SMALLCON
                text18                         000822  0037C9  003FEB       411       0  CODE    
                text29                         003FEC  00010B  0040F7      1FF6       0  CODE    
                idloc                          200000  000008  200008    200000       0  IDLOC   
                config                         300000  00000E  30000E    300000       0  CONFIG  


UNUSED ADDRESS RANGES

        Name                Unused          Largest block    Delta
        BANK2            0002BF-0002FF               41
        BANK3            000300-0003FF              100
        BANK4            000400-0004FF              100
        BANK5            000500-0005FF              100
        BANK6            000600-0006FF              100
        BANK7            000700-0007FF              100
        BIGRAM           000045-00005F               1B
                         0002BF-0007FF              541
        CODE             000004-000007                4
                         00001C-0007FF              7E4
                         003FEB-003FEB                1
                         0040F7-007FFF             3F09
        COMRAM           000045-00005F               1B
        CONST            000004-000007                4
                         00001C-0007FF              7E4
                         003FEB-003FEB                1
                         0040F7-007FFF             3F09
        EEDATA           F00000-F000FF              100
        MEDIUMCONST      003FEB-003FEB                1
                         0040F7-007FFF             3F09
        RAM              0002BF-0007FF              100
        SFR              000F60-000FFF               A0
        SMALLCONST       003FEB-003FEB                1
                         0040F7-007FFF              100
        STACK            0002BF-0007FF              541

                                  Symbol Table

?___awdiv                                         cstackBANK0  000062
?___ftadd                                         cstackBANK0  000068
?___ftdiv                                         cstackBANK0  000068
?___ftmul                                         cstackBANK0  000068
?___ftpack                                        cstackBANK0  000060
?___ftsub                                         cstackBANK0  000074
?___fttol                                         cstackBANK0  000076
?___lwdiv                                         cstackBANK0  000060
?___lwmod                                         cstackBANK0  000060
?___lwtoft                                        cstackBANK0  000085
?___wmul                                          cstackBANK0  000060
?_eepromRead_double                               cstackBANK0  000061
?_mpap_get_numSteps_current                       cstackBANK0  000060
?_pulsonic_getTotalSum_mlh                        cstackBANK0  000074
?_strlen                                          cstackBANK0  000060
?i2___ftpack                                      cstackCOMRAM 000001
?i2___lwtoft                                      cstackCOMRAM 000009
INTERRUPCION@cticks                               bssCOMRAM    000038
INTERRUPCION@ustep_c                              dataCOMRAM   000042
INTERRUPCION@ustep_sm0                            bssCOMRAM    000039
_ADCON1                                           (abs)        000FC1
_CCP2CON                                          (abs)        000FBA
_CCPR2L                                           (abs)        000FBB
_CMCON                                            (abs)        000FB4
_DISP7S_CHARS                                     smallconst   00081F
_DISP7S_NUMS                                      smallconst   000801
_EEADR                                            (abs)        000FA9
_EECON1bits                                       (abs)        000FA6
_EECON2                                           (abs)        000FA7
_EEDATA                                           (abs)        000FA8
_GIE                                              (abs)        007F97
_INTERRUPCION                                     intcode      000008
_LATA                                             (abs)        000F89
_LATB                                             (abs)        000F8A
_LATC                                             (abs)        000F8B
_LATD                                             (abs)        000F8C
_LATE                                             (abs)        000F8D
_OIL_VISCOSITY                                    smallconst   00081B
_PEIE                                             (abs)        007F96
_PORTC                                            (abs)        000F82
_PORTD                                            (abs)        000F83
_PORTE                                            (abs)        000F84
_PR2                                              (abs)        000FCB
_T2CON                                            (abs)        000FCA
_TMR2IE                                           (abs)        007CE9
_TMR2IF                                           (abs)        007CF1
_TRISA                                            (abs)        000F92
_TRISB                                            (abs)        000F93
_TRISC                                            (abs)        000F94
_TRISD                                            (abs)        000F95
_TRISE                                            (abs)        000F96
_UCFG                                             (abs)        000F6F
_UCON                                             (abs)        000F6D
__CFG_BOR$OFF                                     (abs)        000000
__CFG_BORV$3                                      (abs)        000000
__CFG_CP0$ON                                      (abs)        000000
__CFG_CP1$ON                                      (abs)        000000
__CFG_CP2$ON                                      (abs)        000000
__CFG_CP3$ON                                      (abs)        000000
__CFG_CPD$OFF                                     (abs)        000000
__CFG_CPUDIV$OSC1_PLL2                            (abs)        000000
__CFG_FCMEN$OFF                                   (abs)        000000
__CFG_FOSC$HSPLL_HS                               (abs)        000000
__CFG_IESO$OFF                                    (abs)        000000
__CFG_LVP$OFF                                     (abs)        000000
__CFG_MCLRE$ON                                    (abs)        000000
__CFG_PBADEN$OFF                                  (abs)        000000
__CFG_PLLDIV$5                                    (abs)        000000
__CFG_PWRT$ON                                     (abs)        000000
__CFG_USBDIV$2                                    (abs)        000000
__CFG_VREGEN$ON                                   (abs)        000000
__CFG_WDT$OFF                                     (abs)        000000
__HRAM                                            (abs)        000000
__Habs1                                           abs1         000000
__Hbank0                                          bank0        000000
__Hbank1                                          bank1        000000
__Hbank2                                          bank2        000000
__Hbank3                                          bank3        000000
__Hbank4                                          bank4        000000
__Hbank5                                          bank5        000000
__Hbank6                                          bank6        000000
__Hbank7                                          bank7        000000
__Hbigbss                                         bigbss       000000
__Hbigdata                                        bigdata      000000
__Hbigram                                         bigram       000000
__Hbss                                            bss          000000
__HbssBANK0                                       bssBANK0     000000
__HbssBANK1                                       bssBANK1     000000
__HbssBIGRAM                                      bssBIGRAM    000000
__HbssCOMRAM                                      bssCOMRAM    000000
__Hcinit                                          cinit        000000
__Hclrtext                                        clrtext      000000
__Hcomram                                         comram       000000
__Hconfig                                         config       30000E
__Hconst                                          const        000000
__HcstackBANK0                                    cstackBANK0  000000
__HcstackBANK1                                    cstackBANK1  000000
__HcstackCOMRAM                                   cstackCOMRAM 000000
__Hdata                                           data         000000
__HdataBANK0                                      dataBANK0    000000
__HdataBANK1                                      dataBANK1    000000
__HdataCOMRAM                                     dataCOMRAM   000000
__Heeprom_data                                    eeprom_data  000000
__Hend_init                                       end_init     00001C
__Hfarbss                                         farbss       000000
__Hfardata                                        fardata      000000
__Hibigdata                                       ibigdata     000000
__Hidata                                          idata        000000
__HidataBANK0                                     idataBANK0   000000
__HidataBANK1                                     idataBANK1   000000
__HidataCOMRAM                                    idataCOMRAM  000000
__Hidloc                                          idloc        200008
__Hifardata                                       ifardata     000000
__Hinit                                           init         000018
__Hintcode                                        intcode      000018
__Hintcode_body                                   intcode_body 000000
__Hintcodelo                                      intcodelo    000018
__Hintentry                                       intentry     000000
__Hintret                                         intret       000000
__Hintsave_regs                                   intsave_regs 000000
__Hirdata                                         irdata       000000
__Hmediumconst                                    mediumconst  000000
__HnvFARRAM                                       nvFARRAM     000000
__Hnvbit                                          nvbit        000000
__Hnvrram                                         nvrram       000000
__Hparam                                          rparam       000000
__Hpowerup                                        powerup      000018
__Hram                                            ram          000000
__Hramtop                                         ramtop       000800
__Hrbit                                           rbit         000000
__Hrbss                                           rbss         000000
__Hrdata                                          rdata        000000
__Hreset_vec                                      reset_vec    000004
__Hrparam                                         rparam       000000
__Hsfr                                            sfr          000000
__Hsmallconst                                     smallconst   000822
__Hspace_0                                        (abs)        30000E
__Hspace_1                                        (abs)        0002BF
__Hspace_2                                        (abs)        000000
__Hstack                                          stack        000000
__Hstruct                                         struct       000000
__Htemp                                           temp         000000
__Htext                                           text         000000
__Htext0                                          text0        000000
__Htext1                                          text1        000000
__Htext10                                         text10       000000
__Htext100                                        text100      000000
__Htext101                                        text101      000000
__Htext102                                        text102      000000
__Htext103                                        text103      000000
__Htext104                                        text104      000000
__Htext105                                        text105      000000
__Htext106                                        text106      000000
__Htext107                                        text107      000000
__Htext108                                        text108      000000
__Htext109                                        text109      000000
__Htext11                                         text11       000000
__Htext110                                        text110      000000
__Htext111                                        text111      000000
__Htext113                                        text113      000000
__Htext114                                        text114      000000
__Htext115                                        text115      000000
__Htext116                                        text116      000000
__Htext117                                        text117      000000
__Htext118                                        text118      000000
__Htext119                                        text119      000000
__Htext12                                         text12       000000
__Htext120                                        text120      000000
__Htext121                                        text121      000000
__Htext122                                        text122      000000
__Htext123                                        text123      000000
__Htext124                                        text124      000000
__Htext125                                        text125      000000
__Htext126                                        text126      000000
__Htext127                                        text127      000000
__Htext13                                         text13       000000
__Htext14                                         text14       000000
__Htext15                                         text15       000000
__Htext16                                         text16       000000
__Htext17                                         text17       000000
__Htext18                                         text18       000000
__Htext19                                         text19       000000
__Htext2                                          text2        000000
__Htext20                                         text20       000000
__Htext21                                         text21       000000
__Htext22                                         text22       000000
__Htext23                                         text23       000000
__Htext24                                         text24       000000
__Htext25                                         text25       000000
__Htext26                                         text26       000000
__Htext27                                         text27       000000
__Htext28                                         text28       000000
__Htext29                                         text29       000000
__Htext3                                          text3        000000
__Htext30                                         text30       000000
__Htext31                                         text31       000000
__Htext32                                         text32       000000
__Htext33                                         text33       000000
__Htext34                                         text34       000000
__Htext35                                         text35       000000
__Htext36                                         text36       000000
__Htext37                                         text37       000000
__Htext38                                         text38       000000
__Htext39                                         text39       000000
__Htext4                                          text4        000000
__Htext40                                         text40       000000
__Htext41                                         text41       000000
__Htext42                                         text42       000000
__Htext43                                         text43       000000
__Htext44                                         text44       000000
__Htext45                                         text45       000000
__Htext46                                         text46       000000
__Htext47                                         text47       000000
__Htext48                                         text48       000000
__Htext49                                         text49       000000
__Htext5                                          text5        000000
__Htext50                                         text50       000000
__Htext51                                         text51       000000
__Htext52                                         text52       000000
__Htext53                                         text53       000000
__Htext54                                         text54       000000
__Htext55                                         text55       000000
__Htext56                                         text56       000000
__Htext57                                         text57       000000
__Htext58                                         text58       000000
__Htext59                                         text59       000000
__Htext6                                          text6        000000
__Htext60                                         text60       000000
__Htext61                                         text61       000000
__Htext62                                         text62       000000
__Htext63                                         text63       000000
__Htext64                                         text64       000000
__Htext65                                         text65       000000
__Htext66                                         text66       000000
__Htext67                                         text67       000000
__Htext68                                         text68       000000
__Htext69                                         text69       000000
__Htext7                                          text7        000000
__Htext70                                         text70       000000
__Htext71                                         text71       000000
__Htext72                                         text72       000000
__Htext73                                         text73       000000
__Htext74                                         text74       000000
__Htext75                                         text75       000000
__Htext76                                         text76       000000
__Htext77                                         text77       000000
__Htext78                                         text78       000000
__Htext79                                         text79       000000
__Htext8                                          text8        000000
__Htext80                                         text80       000000
__Htext81                                         text81       000000
__Htext82                                         text82       000000
__Htext83                                         text83       000000
__Htext84                                         text84       000000
__Htext85                                         text85       000000
__Htext86                                         text86       000000
__Htext87                                         text87       000000
__Htext88                                         text88       000000
__Htext89                                         text89       000000
__Htext9                                          text9        000000
__Htext90                                         text90       000000
__Htext91                                         text91       000000
__Htext92                                         text92       000000
__Htext93                                         text93       000000
__Htext94                                         text94       000000
__Htext95                                         text95       000000
__Htext96                                         text96       000000
__Htext97                                         text97       000000
__Htext98                                         text98       000000
__Htext99                                         text99       000000
__LRAM                                            (abs)        000001
__Labs1                                           abs1         000000
__Lbank0                                          bank0        000000
__Lbank1                                          bank1        000000
__Lbank2                                          bank2        000000
__Lbank3                                          bank3        000000
__Lbank4                                          bank4        000000
__Lbank5                                          bank5        000000
__Lbank6                                          bank6        000000
__Lbank7                                          bank7        000000
__Lbigbss                                         bigbss       000000
__Lbigdata                                        bigdata      000000
__Lbigram                                         bigram       000000
__Lbss                                            bss          000000
__LbssBANK0                                       bssBANK0     000000
__LbssBANK1                                       bssBANK1     000000
__LbssBIGRAM                                      bssBIGRAM    000000
__LbssCOMRAM                                      bssCOMRAM    000000
__Lcinit                                          cinit        000000
__Lclrtext                                        clrtext      000000
__Lcomram                                         comram       000000
__Lconfig                                         config       300000
__Lconst                                          const        000000
__LcstackBANK0                                    cstackBANK0  000000
__LcstackBANK1                                    cstackBANK1  000000
__LcstackCOMRAM                                   cstackCOMRAM 000000
__Ldata                                           data         000000
__LdataBANK0                                      dataBANK0    000000
__LdataBANK1                                      dataBANK1    000000
__LdataCOMRAM                                     dataCOMRAM   000000
__Leeprom_data                                    eeprom_data  000000
__Lend_init                                       end_init     000018
__Lfarbss                                         farbss       000000
__Lfardata                                        fardata      000000
__Libigdata                                       ibigdata     000000
__Lidata                                          idata        000000
__LidataBANK0                                     idataBANK0   000000
__LidataBANK1                                     idataBANK1   000000
__LidataCOMRAM                                    idataCOMRAM  000000
__Lidloc                                          idloc        200000
__Lifardata                                       ifardata     000000
__Linit                                           init         000018
__Lintcode                                        intcode      000008
__Lintcode_body                                   intcode_body 000000
__Lintcodelo                                      intcodelo    000018
__Lintentry                                       intentry     000000
__Lintret                                         intret       000000
__Lintsave_regs                                   intsave_regs 000000
__Lirdata                                         irdata       000000
__Lmediumconst                                    mediumconst  000000
__LnvFARRAM                                       nvFARRAM     000000
__Lnvbit                                          nvbit        000000
__Lnvrram                                         nvrram       000000
__Lparam                                          rparam       000000
__Lpowerup                                        powerup      000018
__Lram                                            ram          000000
__Lramtop                                         ramtop       000800
__Lrbit                                           rbit         000000
__Lrbss                                           rbss         000000
__Lrdata                                          rdata        000000
__Lreset_vec                                      reset_vec    000000
__Lrparam                                         rparam       000000
__Lsfr                                            sfr          000000
__Lsmallconst                                     smallconst   000800
__Lspace_0                                        (abs)        000000
__Lspace_1                                        (abs)        000000
__Lspace_2                                        (abs)        000000
__Lstack                                          stack        000000
__Lstruct                                         struct       000000
__Ltemp                                           temp         000000
__Ltext                                           text         000000
__Ltext0                                          text0        000000
__Ltext1                                          text1        000000
__Ltext10                                         text10       000000
__Ltext100                                        text100      000000
__Ltext101                                        text101      000000
__Ltext102                                        text102      000000
__Ltext103                                        text103      000000
__Ltext104                                        text104      000000
__Ltext105                                        text105      000000
__Ltext106                                        text106      000000
__Ltext107                                        text107      000000
__Ltext108                                        text108      000000
__Ltext109                                        text109      000000
__Ltext11                                         text11       000000
__Ltext110                                        text110      000000
__Ltext111                                        text111      000000
__Ltext113                                        text113      000000
__Ltext114                                        text114      000000
__Ltext115                                        text115      000000
__Ltext116                                        text116      000000
__Ltext117                                        text117      000000
__Ltext118                                        text118      000000
__Ltext119                                        text119      000000
__Ltext12                                         text12       000000
__Ltext120                                        text120      000000
__Ltext121                                        text121      000000
__Ltext122                                        text122      000000
__Ltext123                                        text123      000000
__Ltext124                                        text124      000000
__Ltext125                                        text125      000000
__Ltext126                                        text126      000000
__Ltext127                                        text127      000000
__Ltext13                                         text13       000000
__Ltext14                                         text14       000000
__Ltext15                                         text15       000000
__Ltext16                                         text16       000000
__Ltext17                                         text17       000000
__Ltext18                                         text18       000000
__Ltext19                                         text19       000000
__Ltext2                                          text2        000000
__Ltext20                                         text20       000000
__Ltext21                                         text21       000000
__Ltext22                                         text22       000000
__Ltext23                                         text23       000000
__Ltext24                                         text24       000000
__Ltext25                                         text25       000000
__Ltext26                                         text26       000000
__Ltext27                                         text27       000000
__Ltext28                                         text28       000000
__Ltext29                                         text29       000000
__Ltext3                                          text3        000000
__Ltext30                                         text30       000000
__Ltext31                                         text31       000000
__Ltext32                                         text32       000000
__Ltext33                                         text33       000000
__Ltext34                                         text34       000000
__Ltext35                                         text35       000000
__Ltext36                                         text36       000000
__Ltext37                                         text37       000000
__Ltext38                                         text38       000000
__Ltext39                                         text39       000000
__Ltext4                                          text4        000000
__Ltext40                                         text40       000000
__Ltext41                                         text41       000000
__Ltext42                                         text42       000000
__Ltext43                                         text43       000000
__Ltext44                                         text44       000000
__Ltext45                                         text45       000000
__Ltext46                                         text46       000000
__Ltext47                                         text47       000000
__Ltext48                                         text48       000000
__Ltext49                                         text49       000000
__Ltext5                                          text5        000000
__Ltext50                                         text50       000000
__Ltext51                                         text51       000000
__Ltext52                                         text52       000000
__Ltext53                                         text53       000000
__Ltext54                                         text54       000000
__Ltext55                                         text55       000000
__Ltext56                                         text56       000000
__Ltext57                                         text57       000000
__Ltext58                                         text58       000000
__Ltext59                                         text59       000000
__Ltext6                                          text6        000000
__Ltext60                                         text60       000000
__Ltext61                                         text61       000000
__Ltext62                                         text62       000000
__Ltext63                                         text63       000000
__Ltext64                                         text64       000000
__Ltext65                                         text65       000000
__Ltext66                                         text66       000000
__Ltext67                                         text67       000000
__Ltext68                                         text68       000000
__Ltext69                                         text69       000000
__Ltext7                                          text7        000000
__Ltext70                                         text70       000000
__Ltext71                                         text71       000000
__Ltext72                                         text72       000000
__Ltext73                                         text73       000000
__Ltext74                                         text74       000000
__Ltext75                                         text75       000000
__Ltext76                                         text76       000000
__Ltext77                                         text77       000000
__Ltext78                                         text78       000000
__Ltext79                                         text79       000000
__Ltext8                                          text8        000000
__Ltext80                                         text80       000000
__Ltext81                                         text81       000000
__Ltext82                                         text82       000000
__Ltext83                                         text83       000000
__Ltext84                                         text84       000000
__Ltext85                                         text85       000000
__Ltext86                                         text86       000000
__Ltext87                                         text87       000000
__Ltext88                                         text88       000000
__Ltext89                                         text89       000000
__Ltext9                                          text9        000000
__Ltext90                                         text90       000000
__Ltext91                                         text91       000000
__Ltext92                                         text92       000000
__Ltext93                                         text93       000000
__Ltext94                                         text94       000000
__Ltext95                                         text95       000000
__Ltext96                                         text96       000000
__Ltext97                                         text97       000000
__Ltext98                                         text98       000000
__Ltext99                                         text99       000000
__S0                                              (abs)        30000E
__S1                                              (abs)        0002BF
__S2                                              (abs)        000000
___asftadd                                        text109      000000
___asftadd@f1p                                    cstackBANK0  000074
___asftadd@f2                                     cstackBANK0  000076
___asftsub                                        text66       000000
___asftsub@f1p                                    cstackBANK0  00007A
___asftsub@f2                                     cstackBANK0  00007C
___awdiv                                          text100      002F44
___awdiv@counter                                  cstackBANK0  000066
___awdiv@dividend                                 cstackBANK0  000062
___awdiv@divisor                                  cstackBANK0  000064
___awdiv@quotient                                 cstackBANK0  000068
___awdiv@sign                                     cstackBANK0  000067
___ftadd                                          text110      00241A
___ftadd@exp1                                     cstackBANK0  000073
___ftadd@exp2                                     cstackBANK0  000072
___ftadd@f1                                       cstackBANK0  000068
___ftadd@f2                                       cstackBANK0  00006B
___ftadd@sign                                     cstackBANK0  000071
___ftdiv                                          text92       002AC2
___ftdiv@cntr                                     cstackBANK0  000071
___ftdiv@exp                                      cstackBANK0  000075
___ftdiv@f1                                       cstackBANK0  000068
___ftdiv@f2                                       cstackBANK0  00006B
___ftdiv@f3                                       cstackBANK0  000072
___ftdiv@sign                                     cstackBANK0  000076
___ftge                                           text97       003668
___ftge@ff1                                       cstackBANK0  000088
___ftge@ff2                                       cstackBANK0  00008B
___ftmul                                          text91       00292E
___ftmul@exp                                      cstackBANK0  000071
___ftmul@f1                                       cstackBANK0  000068
___ftmul@f2                                       cstackBANK0  00006B
___ftmul@f3_as_product                            cstackBANK0  000073
___ftmul@sign                                     cstackBANK0  000072
___ftpack                                         text111      003204
___ftpack@arg                                     cstackBANK0  000060
___ftpack@exp                                     cstackBANK0  000063
___ftpack@sign                                    cstackBANK0  000064
___ftsub                                          text108      003BDE
___ftsub@f1                                       cstackBANK0  000074
___ftsub@f2                                       cstackBANK0  000077
___fttol                                          text107      002A02
___fttol@exp1                                     cstackBANK0  000084
___fttol@f1                                       cstackBANK0  000076
___fttol@lval                                     cstackBANK0  000080
___fttol@sign1                                    cstackBANK0  00007F
___inthi_sp                                       stack        000000
___intlo_sp                                       stack        000000
___lwdiv                                          text83       00380A
___lwdiv@counter                                  cstackBANK0  000064
___lwdiv@dividend                                 cstackBANK0  000060
___lwdiv@divisor                                  cstackBANK0  000062
___lwdiv@quotient                                 cstackBANK0  000065
___lwmod                                          text82       003A70
___lwmod@counter                                  cstackBANK0  000064
___lwmod@dividend                                 cstackBANK0  000060
___lwmod@divisor                                  cstackBANK0  000062
___lwtoft                                         text90       003DB8
___lwtoft@c                                       cstackBANK0  000085
___sp                                             stack        000000
___wmul                                           text84       003D24
___wmul@multiplicand                              cstackBANK0  000062
___wmul@multiplier                                cstackBANK0  000060
___wmul@product                                   cstackBANK0  000064
__accesstop                                       (abs)        000060
__activetblptr                                    (abs)        000002
__end_of_DISP7S_CHARS                             smallconst   000821
__end_of_DISP7S_NUMS                              smallconst   00080B
__end_of_INTERRUPCION                             intcode_body 00267E
__end_of_OIL_VISCOSITY                            smallconst   00081F
__end_of___asftadd                                text109      000000
__end_of___asftsub                                text66       000000
__end_of___awdiv                                  text100      002FD8
__end_of___ftadd                                  text110      002576
__end_of___ftdiv                                  text92       002B7A
__end_of___ftge                                   text97       0036C0
__end_of___ftmul                                  text91       002A02
__end_of___ftpack                                 text111      003288
__end_of___ftsub                                  text108      003C0C
__end_of___fttol                                  text107      002AC2
__end_of___lwdiv                                  text83       003854
__end_of___lwmod                                  text82       003AAE
__end_of___lwtoft                                 text90       003DDC
__end_of___wmul                                   text84       003D4A
__end_of__initialization                          cinit        002E0E
__end_of__mpap_step1                              text124      0040B6
__end_of__mpap_step2                              text123      0040B0
__end_of__mpap_step3                              text122      0040AA
__end_of__mpap_step4                              text125      0040BC
__end_of_autoMode1_job                            text93       00149C
__end_of_autoMode_cmd                             text85       003E66
__end_of_autoMode_disp7s_writeSumTotal            text72       003D24
__end_of_autoMode_setup                           text89       001E44
__end_of_check_homeSensor                         text36       003CB2
__end_of_check_homeSensor_reset                   text35       00409E
__end_of_check_oilLevel                           text32       003B4E
__end_of_check_oilLevel_reset                     text31       004098
__end_of_configMode_disp                          text67       003204
__end_of_configMode_init                          text71       004022
__end_of_configMode_job                           text53       003D94
__end_of_configMode_kb                            text54       00188A
__end_of_disp7s_init                              text41       0037BE
__end_of_disp7s_job                               text39       00338E
__end_of_disp7s_modeDisp_off                      text29       003FFC
__end_of_disp7s_modeDisp_writeInt                 text77       003F78
__end_of_disp7s_modeDisp_writeText_oil            text70       00400A
__end_of_disp7s_mux0_off                          text51       0040E4
__end_of_disp7s_mux0_on                           text50       0040E0
__end_of_disp7s_mux1_off                          text49       0040DC
__end_of_disp7s_mux1_on                           text48       0040D8
__end_of_disp7s_mux2_off                          text47       0040D4
__end_of_disp7s_mux2_on                           text46       0040D0
__end_of_disp7s_mux3_off                          text45       0040CC
__end_of_disp7s_mux3_on                           text44       0040C8
__end_of_disp7s_mux4_off                          text43       0040C4
__end_of_disp7s_mux4_on                           text52       0040E8
__end_of_disp7s_mux_Q                             text40       002D78
__end_of_disp7s_mux_init                          text42       00396A
__end_of_disp7s_off                               text76       003AEA
__end_of_disp7s_qtyDisp_writeFloat                text74       003EDE
__end_of_disp7s_qtyDisp_writeInt                  text69       003F60
__end_of_disp7s_qtyDisp_writeText_20_3RAYAS       text38       003926
__end_of_disp7s_qtyDisp_writeText_FLU             text63       003FB6
__end_of_disp7s_qtyDisp_writeText_NO_HOME_SENSOR  text37       003EFA
__end_of_disp7s_qtyDisp_writeText_NO_OIL          text34       003C64
__end_of_disp7s_qtyDisp_writeText_OFF             text68       003FC8
__end_of_disp7s_write_f                           text75       002054
__end_of_disp7s_write_i                           text78       002776
__end_of_eepromRead                               text8        003E84
__end_of_eepromRead_double                        text7        003BDE
__end_of_eepromWrite                              text65       0039AE
__end_of_eepromWrite_double                       text64       003CFE
__end_of_errorHandler_queue                       text30       0030F8
__end_of_error_job                                text24       002EAE
__end_of_flushAllMode_cmd                         text28       003C38
__end_of_flushAllMode_job                         text22       002CD2
__end_of_flushAtNozzle_cmd                        text61       003DB8
__end_of_flushAtNozzle_job                        text21       0034E8
__end_of_flushAtNozzle_setNozzle                  text60       00408C
__end_of_ikb_flush                                text26       0040C0
__end_of_ikb_get_AtTimeExpired_BeforeOrAfter      text59       003EC0
__end_of_ikb_init                                 text20       00347A
__end_of_ikb_job                                  text11       004074
__end_of_ikb_key_is_ready2read                    text58       003EA2
__end_of_ikb_key_was_read                         text57       003F2E
__end_of_ikb_setKeyProp                           text56       003BB0
__end_of_ikey_clear_all_flag                      text27       003E22
__end_of_ikey_is_accessible                       text19       003668
__end_of_ikey_parsing                             text18       001030
__end_of_ikey_scan                                text12       002246
__end_of_is_oilLevel                              text33       0038E2
__end_of_is_startSignal                           text10       0035AE
__end_of_itoa                                     text80       003A70
__end_of_keyRead_pin_key0                         text16       00407C
__end_of_keyRead_pin_key1                         text15       00404E
__end_of_keyRead_pin_key2                         text14       004044
__end_of_keyRead_pin_key3                         text13       004092
__end_of_keyRead_pin_key4                         text17       004084
__end_of_main                                     text0        001BD6
__end_of_mpap_crossingHomeSensor                  text120      00376C
__end_of_mpap_do1step                             text121      003A32
__end_of_mpap_doMovement                          text104      003D70
__end_of_mpap_getMode                             text126      0040F4
__end_of_mpap_get_numSteps_current                text99       00406C
__end_of_mpap_homming_job                         text102      002F44
__end_of_mpap_homming_job_reset                   text88       0040F0
__end_of_mpap_isIdle                              text106      00403A
__end_of_mpap_job                                 text114      002C2C
__end_of_mpap_movetoNozzle                        text101      00389C
__end_of_mpap_normal_mode                         text119      00380A
__end_of_mpap_searchFirstPointHomeSensor          text118      00354C
__end_of_mpap_setup_movement                      text105      003C8C
__end_of_mpap_setup_searchFirstPointHomeSensor    text103      003FDA
__end_of_mpap_stall                               text87       0040A4
__end_of_mykb_layout0                             text25       00292E
__end_of_nozzle_getPosition                       text98       003F48
__end_of_nozzle_isEnabled                         text96       0039F2
__end_of_nozzle_setPosition                       text23       002856
__end_of_nozzle_setPosition_reset                 text62       0040EC
__end_of_oilLevel_init                            text9        004016
__end_of_propEmpty                                smallconst   00081B
__end_of_pulsonic_getNumNozzleAvailable           text55       003CD8
__end_of_pulsonic_getTotalSum_mlh                 text73       003406
__end_of_pulsonic_init                            text6        00241A
__end_of_pump_isIdle                              text95       00402E
__end_of_pump_job                                 text5        00360E
__end_of_pump_setTick                             text94       004062
__end_of_pump_stop                                text86       004058
__end_of_setdc                                    text4        003B1C
__end_of_startSignal_init                         text3        003F14
__end_of_strlen                                   text79       003E44
__end_of_ustep_lockup                             smallconst   000815
__end_of_utoa                                     text81       00306A
__end_of_visMode_disp                             text2        00317E
__end_of_visMode_job                              text1        003F8E
__end_ofi2___ftge                                 text117      003718
__end_ofi2___ftpack                               text116      00330C
__end_ofi2___lwtoft                               text115      003E00
__end_ofi2_setdc                                  text113      003B80
__initialization                                  cinit        002D78
__mediumconst                                     mediumconst  000000
__mpap_step1                                      text124      0040B0
__mpap_step2                                      text123      0040AA
__mpap_step3                                      text122      0040A4
__mpap_step4                                      text125      0040B6
__pbssBANK0                                       bssBANK0     0000B0
__pbssBANK1                                       bssBANK1     000100
__pbssBIGRAM                                      bssBIGRAM    000176
__pbssCOMRAM                                      bssCOMRAM    000023
__pcinit                                          cinit        002D78
__pcstackBANK0                                    cstackBANK0  000060
__pcstackBANK1                                    cstackBANK1  000164
__pcstackCOMRAM                                   cstackCOMRAM 000001
__pdataBANK0                                      dataBANK0    0000EF
__pdataBANK1                                      dataBANK1    000150
__pdataCOMRAM                                     dataCOMRAM   000042
__pidataBANK0                                     idataBANK0   003FDA
__pidataBANK1                                     idataBANK1   003F8E
__pidataCOMRAM                                    idataCOMRAM  0040F4
__pintcode                                        intcode      000008
__pintcode_body                                   intcode_body 002576
__psmallconst                                     smallconst   000800
__ptext0                                          text0        00188A
__ptext1                                          text1        003F78
__ptext10                                         text10       00354C
__ptext100                                        text100      002F44
__ptext101                                        text101      003854
__ptext102                                        text102      002EAE
__ptext103                                        text103      003FC8
__ptext104                                        text104      003D4A
__ptext105                                        text105      003C64
__ptext106                                        text106      00402E
__ptext107                                        text107      002A02
__ptext108                                        text108      003BDE
__ptext109                                        text109      000000
[...]
		i2___lwtoft
 This function uses a non-reentrant model


 *************** function i2___ftge *****************
 Defined at:
		line 4 in file "/opt/microchip/xc8/v1.33/sources/common/ftge.c"
 Parameters:    Size  Location     Type
  ff1             3   11[COMRAM] float 
  ff2             3   14[COMRAM] float 
 Auto vars:     Size  Location     Type
		None
 Return value:  Size  Location     Type
		None               void
 Registers used:
		wreg, status,2, status,0
 Tracked objects:
		On entry : 
		On exit  : 
		Unchanged: 
 Data sizes:     COMRAM   BANK0   BANK1   BANK2   BANK3   BANK4   BANK5   BANK6   BANK7
      Params:         6       0       0       0       0       0       0       0       0
      Locals:         0       0       0       0       0       0       0       0       0
      Temps:          3       0       0       0       0       0       0       0       0
      Totals:         9       0       0       0       0       0       0       0       0
Total ram usage:        9 bytes
 Hardware stack levels used:    1
 This function calls:
		Nothing
 This function is called by:
		_mpap_job
 This function uses a non-reentrant model


 *************** function _mpap_searchFirstPointHomeSensor *****************
 Defined at:
		line 177 in file "mpap.c"
 Parameters:    Size  Location     Type
		None
 Auto vars:     Size  Location     Type
  cod_ret         1    2[COMRAM] char 
 Return value:  Size  Location     Type
                  1    wreg      char 
 Registers used:
		wreg, fsr1l, fsr1h, fsr2l, fsr2h, status,2, status,0, pclat, tosl, prodl, prodh, cstack
 Tracked objects:
		On entry : 
		On exit  : 
		Unchanged: 
 Data sizes:     COMRAM   BANK0   BANK1   BANK2   BANK3   BANK4   BANK5   BANK6   BANK7
      Params:         0       0       0       0       0       0       0       0       0
      Locals:         1       0       0       0       0       0       0       0       0
      Temps:          1       0       0       0       0       0       0       0       0
      Totals:         2       0       0       0       0       0       0       0       0
Total ram usage:        2 bytes
 Hardware stack levels used:    1
 Hardware stack levels required when called:    2
 This function calls:
		_mpap_do1step
 This function is called by:
		_mpap_job
 This function uses a non-reentrant model


 *************** function _mpap_normal_mode *****************
 Defined at:
		line 154 in file "mpap.c"
 Parameters:    Size  Location     Type
		None
 Auto vars:     Size  Location     Type
  cod_ret         1    1[COMRAM] char 
 Return value:  Size  Location     Type
                  1    wreg      char 
 Registers used:
		wreg, fsr1l, fsr1h, fsr2l, fsr2h, status,2, status,0, pclat, tosl, prodl, prodh, cstack
 Tracked objects:
		On entry : 
		On exit  : 
		Unchanged: 
 Data sizes:     COMRAM   BANK0   BANK1   BANK2   BANK3   BANK4   BANK5   BANK6   BANK7
      Params:         0       0       0       0       0       0       0       0       0
      Locals:         1       0       0       0       0       0       0       0       0
      Temps:          0       0       0       0       0       0       0       0       0
      Totals:         1       0       0       0       0       0       0       0       0
Total ram usage:        1 bytes
 Hardware stack levels used:    1
 Hardware stack levels required when called:    2
 This function calls:
		_mpap_do1step
 This function is called by:
		_mpap_job
 This function uses a non-reentrant model


 *************** function _mpap_crossingHomeSensor *****************
 Defined at:
		line 201 in file "mpap.c"
 Parameters:    Size  Location     Type
		None
 Auto vars:     Size  Location     Type
  cod_ret         1    2[COMRAM] char 
 Return value:  Size  Location     Type
                  1    wreg      char 
 Registers used:
		wreg, fsr1l, fsr1h, fsr2l, fsr2h, status,2, status,0, pclat, tosl, prodl, prodh, cstack
 Tracked objects:
		On entry : 
		On exit  : 
		Unchanged: 
 Data sizes:     COMRAM   BANK0   BANK1   BANK2   BANK3   BANK4   BANK5   BANK6   BANK7
      Params:         0       0       0       0       0       0       0       0       0
      Locals:         1       0       0       0       0       0       0       0       0
      Temps:          1       0       0       0       0       0       0       0       0
      Totals:         2       0       0       0       0       0       0       0       0
Total ram usage:        2 bytes
 Hardware stack levels used:    1
 Hardware stack levels required when called:    2
 This function calls:
		_mpap_do1step
 This function is called by:
		_mpap_job
 This function uses a non-reentrant model


 *************** function _mpap_do1step *****************
 Defined at:
		line 128 in file "mpap.c"
 Parameters:    Size  Location     Type
  KI              1    wreg     char 
 Auto vars:     Size  Location     Type
  KI              1    0[COMRAM] char 
 Return value:  Size  Location     Type
		None               void
 Registers used:
		wreg, fsr2l, fsr2h, status,2, status,0, pclat, tosl, prodl, prodh, cstack
 Tracked objects:
		On entry : 
		On exit  : 
		Unchanged: 
 Data sizes:     COMRAM   BANK0   BANK1   BANK2   BANK3   BANK4   BANK5   BANK6   BANK7
      Params:         0       0       0       0       0       0       0       0       0
      Locals:         1       0       0       0       0       0       0       0       0
      Temps:          0       0       0       0       0       0       0       0       0
      Totals:         1       0       0       0       0       0       0       0       0
Total ram usage:        1 bytes
 Hardware stack levels used:    1
 Hardware stack levels required when called:    1
 This function calls:
		__mpap_step1
		__mpap_step2
		__mpap_step3
		__mpap_step4
 This function is called by:
		_mpap_normal_mode
		_mpap_searchFirstPointHomeSensor
		_mpap_crossingHomeSensor
 This function uses a non-reentrant model


 *************** function __mpap_step3 *****************
 Defined at:
		line 23 in file "mpap.c"
 Parameters:    Size  Location     Type
		None
 Auto vars:     Size  Location     Type
		None
 Return value:  Size  Location     Type
		None               void
 Registers used:
		wreg, status,2
 Tracked objects:
		On entry : 
		On exit  : 
		Unchanged: 
 Data sizes:     COMRAM   BANK0   BANK1   BANK2   BANK3   BANK4   BANK5   BANK6   BANK7
      Params:         0       0       0       0       0       0       0       0       0
      Locals:         0       0       0       0       0       0       0       0       0
      Temps:          0       0       0       0       0       0       0       0       0
      Totals:         0       0       0       0       0       0       0       0       0
Total ram usage:        0 bytes
 Hardware stack levels used:    1
 This function calls:
		Nothing
 This function is called by:
		_mpap_do1step
 This function uses a non-reentrant model


 *************** function __mpap_step2 *****************
 Defined at:
		line 14 in file "mpap.c"
 Parameters:    Size  Location     Type
		None
 Auto vars:     Size  Location     Type
		None
 Return value:  Size  Location     Type
		None               void
 Registers used:
		wreg, status,2
 Tracked objects:
		On entry : 
		On exit  : 
		Unchanged: 
 Data sizes:     COMRAM   BANK0   BANK1   BANK2   BANK3   BANK4   BANK5   BANK6   BANK7
      Params:         0       0       0       0       0       0       0       0       0
      Locals:         0       0       0       0       0       0       0       0       0
      Temps:          0       0       0       0       0       0       0       0       0
      Totals:         0       0       0       0       0       0       0       0       0
Total ram usage:        0 bytes
 Hardware stack levels used:    1
 This function calls:
		Nothing
 This function is called by:
		_mpap_do1step
 This function uses a non-reentrant model


 *************** function __mpap_step1 *****************
 Defined at:
		line 5 in file "mpap.c"
 Parameters:    Size  Location     Type
		None
 Auto vars:     Size  Location     Type
		None
 Return value:  Size  Location     Type
		None               void
 Registers used:
		wreg, status,2
 Tracked objects:
		On entry : 
		On exit  : 
		Unchanged: 
 Data sizes:     COMRAM   BANK0   BANK1   BANK2   BANK3   BANK4   BANK5   BANK6   BANK7
      Params:         0       0       0       0       0       0       0       0       0
      Locals:         0       0       0       0       0       0       0       0       0
      Temps:          0       0       0       0       0       0       0       0       0
      Totals:         0       0       0       0       0       0       0       0       0
Total ram usage:        0 bytes
 Hardware stack levels used:    1
 This function calls:
		Nothing
 This function is called by:
		_mpap_do1step
 This function uses a non-reentrant model


 *************** function __mpap_step4 *****************
 Defined at:
		line 32 in file "mpap.c"
 Parameters:    Size  Location     Type
		None
 Auto vars:     Size  Location     Type
		None
 Return value:  Size  Location     Type
		None               void
 Registers used:
		wreg, status,2
 Tracked objects:
		On entry : 
		On exit  : 
		Unchanged: 
 Data sizes:     COMRAM   BANK0   BANK1   BANK2   BANK3   BANK4   BANK5   BANK6   BANK7
      Params:         0       0       0       0       0       0       0       0       0
      Locals:         0       0       0       0       0       0       0       0       0
      Temps:          0       0       0       0       0       0       0       0       0
      Totals:         0       0       0       0       0       0       0       0       0
Total ram usage:        0 bytes
 Hardware stack levels used:    1
 This function calls:
		Nothing
 This function is called by:
		_mpap_do1step
 This function uses a non-reentrant model


 *************** function _mpap_getMode *****************
 Defined at:
		line 71 in file "mpap.c"
 Parameters:    Size  Location     Type
		None
 Auto vars:     Size  Location     Type
		None
 Return value:  Size  Location     Type
                  1    wreg      char 
 Registers used:
		wreg, status,2
 Tracked objects:
		On entry : 
		On exit  : 
		Unchanged: 
 Data sizes:     COMRAM   BANK0   BANK1   BANK2   BANK3   BANK4   BANK5   BANK6   BANK7
      Params:         0       0       0       0       0       0       0       0       0
      Locals:         0       0       0       0       0       0       0       0       0
      Temps:          0       0       0       0       0       0       0       0       0
      Totals:         0       0       0       0       0       0       0       0       0
Total ram usage:        0 bytes
 Hardware stack levels used:    1
 This function calls:
		Nothing
 This function is called by:
		_INTERRUPCION
 This function uses a non-reentrant model



MODULE INFORMATION

Module		Function		Class		Link	Load	Size
pump.c
		_pump_job      		CODE           	35AE	0000	96
		_pump_setTick  		CODE           	4058	0000	10
		_pump_isIdle   		CODE           	4022	0000	12
		_pump_stop     		CODE           	404E	0000	10

pump.c estimated size: 128

../../../../../../FIRWAR/eslibrary/PIC/eeprom/eeprom.c
		_eepromRead_dou		CODE           	3BB0	0000	46
		_eepromWrite   		CODE           	396A	0000	68
		_eepromWrite_do		CODE           	3CD8	0000	38
		_eepromRead    		CODE           	3E66	0000	30

../../../../../../FIRWAR/eslibrary/PIC/eeprom/eeprom.c estimated size: 182

/opt/microchip/xc8/v1.33/sources/common/ftsub.c
		___ftsub       		CODE           	3BDE	0000	46

/opt/microchip/xc8/v1.33/sources/common/ftsub.c estimated size: 46

/opt/microchip/xc8/v1.33/sources/common/float.c
		___ftpack      		CODE           	3204	0000	132

/opt/microchip/xc8/v1.33/sources/common/float.c estimated size: 132

mpap.c
		_mpap_homming_j		CODE           	40EC	0000	4
		_mpap_homming_j		CODE           	2EAE	0000	150
		_mpap_isIdle   		CODE           	402E	0000	12
		_mpap_normal_mo		CODE           	37BE	0000	76
		_mpap_doMovemen		CODE           	3D4A	0000	38
		_mpap_setup_sea		CODE           	3FC8	0000	18
		_mpap_stall    		CODE           	409E	0000	6
		_mpap_setup_mov		CODE           	3C64	0000	40
		_mpap_crossingH		CODE           	3718	0000	84
		_mpap_job      		CODE           	2B7A	0000	178
		_mpap_do1step  		CODE           	39F2	0000	64
		__mpap_step1   		CODE           	40B0	0000	6
		__mpap_step2   		CODE           	40AA	0000	6
		__mpap_step3   		CODE           	40A4	0000	6
		__mpap_step4   		CODE           	40B6	0000	6
		_mpap_getMode  		CODE           	40F0	0000	4
		_mpap_get_numSt		CODE           	4062	0000	10
		_mpap_movetoNoz		CODE           	3854	0000	72
		_mpap_searchFir		CODE           	34E8	0000	100

mpap.c estimated size: 880

/opt/microchip/xc8/v1.33/sources/common/lwmod.c
		___lwmod       		CODE           	3A70	0000	62

/opt/microchip/xc8/v1.33/sources/common/lwmod.c estimated size: 62

configMode.c
		_configMode_dis		CODE           	317E	0000	134
		_configMode_ini		CODE           	4016	0000	12
		_configMode_kb 		CODE           	149C	0000	1006
		_configMode_job		CODE           	3D70	0000	36

configMode.c estimated size: 1188

/opt/microchip/xc8/v1.33/sources/pic18/asftsub.c
		___asftsub     		CODE           	0000	0000	0

/opt/microchip/xc8/v1.33/sources/pic18/asftsub.c estimated size: 0

ustepping.c
		_setdc         		CODE           	3AEA	0000	50

ustepping.c estimated size: 50

/opt/microchip/xc8/v1.33/sources/common/ftge.c
		___ftge        		CODE           	3668	0000	88

/opt/microchip/xc8/v1.33/sources/common/ftge.c estimated size: 88

../../../../../../FIRWAR/eslibrary/ikb/ikb.c
		_ikb_init      		CODE           	3406	0000	116
		_keyRead_pin_ke		CODE           	4074	0000	8
		_keyRead_pin_ke		CODE           	4044	0000	10
		_keyRead_pin_ke		CODE           	403A	0000	10
		_keyRead_pin_ke		CODE           	408C	0000	6
		_keyRead_pin_ke		CODE           	407C	0000	8
		_ikb_flush     		CODE           	40BC	0000	4
		_ikey_is_access		CODE           	360E	0000	90
		_ikey_scan     		CODE           	2054	0000	498
		_ikb_key_is_rea		CODE           	3E84	0000	30
		_ikb_key_was_re		CODE           	3F14	0000	26
		_ikb_setKeyProp		CODE           	3B80	0000	48
		_ikey_clear_all		CODE           	3E00	0000	34
		_ikb_job       		CODE           	406C	0000	8
		_ikb_get_AtTime		CODE           	3EA2	0000	30
		_ikey_parsing  		CODE           	0822	0000	2062

../../../../../../FIRWAR/eslibrary/ikb/ikb.c estimated size: 2988

/opt/microchip/xc8/v1.33/sources/common/strlen.c
		_strlen        		CODE           	3E22	0000	34

/opt/microchip/xc8/v1.33/sources/common/strlen.c estimated size: 34

/opt/microchip/xc8/v1.33/sources/common/lwtoft.c
		___lwtoft      		CODE           	3DB8	0000	36

/opt/microchip/xc8/v1.33/sources/common/lwtoft.c estimated size: 36

visMode.c
		_visMode_job   		CODE           	3F78	0000	22
		_visMode_disp  		CODE           	30F8	0000	134

visMode.c estimated size: 156

/opt/microchip/xc8/v1.33/sources/common/ftmul.c
		___ftmul       		CODE           	292E	0000	212

/opt/microchip/xc8/v1.33/sources/common/ftmul.c estimated size: 212

/opt/microchip/xc8/v1.33/sources/common/ftdiv.c
		___ftdiv       		CODE           	2AC2	0000	184

/opt/microchip/xc8/v1.33/sources/common/ftdiv.c estimated size: 184

/opt/microchip/xc8/v1.33/sources/common/lwdiv.c
		___lwdiv       		CODE           	380A	0000	74

/opt/microchip/xc8/v1.33/sources/common/lwdiv.c estimated size: 74

/opt/microchip/xc8/v1.33/sources/common/awdiv.c
		___awdiv       		CODE           	2F44	0000	148

/opt/microchip/xc8/v1.33/sources/common/awdiv.c estimated size: 148

shared
		_OIL_VISCOSITY 		SMALLCONST     	081B	0000	4
		_DISP7S_NUMS   		SMALLCONST     	0801	0000	10
		_DISP7S_CHARS  		SMALLCONST     	081F	0000	2
		i2___ftge      		CODE           	36C0	0000	88
		i2___lwtoft    		CODE           	3DDC	0000	36
		i2___ftpack    		CODE           	3288	0000	132
		__initializatio		CODE           	2D78	0000	150
		_propEmpty     		SMALLCONST     	0815	0000	6
		_ustep_lockup  		SMALLCONST     	080B	0000	10
		i2_setdc       		CODE           	3B4E	0000	50

shared estimated size: 488

autoMode.c
		_autoMode_disp7		CODE           	3CFE	0000	38
		_autoMode_cmd  		CODE           	3E44	0000	34
		_autoMode1_job 		CODE           	1030	0000	1132
		_autoMode_setup		CODE           	1BD6	0000	622

autoMode.c estimated size: 1826

nozzle.c
		_nozzle_setPosi		CODE           	40E8	0000	4
		_nozzle_isEnabl		CODE           	39AE	0000	68
		_nozzle_getPosi		CODE           	3F2E	0000	26
		_nozzle_setPosi		CODE           	2776	0000	224

nozzle.c estimated size: 322

display.c
		_disp7s_modeDis		CODE           	3FEC	0000	16
		_disp7s_qtyDisp		CODE           	3EC0	0000	30
		_disp7s_job    		CODE           	330C	0000	130
		_disp7s_off    		CODE           	3AAE	0000	60
		_disp7s_init   		CODE           	376C	0000	82
		_disp7s_mux_Q  		CODE           	2CD2	0000	166
		_disp7s_qtyDisp		CODE           	3FB6	0000	18
		_disp7s_qtyDisp		CODE           	3FA2	0000	20
		_disp7s_modeDis		CODE           	3FFC	0000	14
		_disp7s_qtyDisp		CODE           	3EDE	0000	28
		_disp7s_write_f		CODE           	1E44	0000	528
		_disp7s_write_i		CODE           	267E	0000	248
		_disp7s_mux0_on		CODE           	40DC	0000	4
		_disp7s_mux1_on		CODE           	40D4	0000	4
		_disp7s_mux2_on		CODE           	40CC	0000	4
		_disp7s_mux3_on		CODE           	40C4	0000	4
		_disp7s_mux4_on		CODE           	40E4	0000	4
		_disp7s_qtyDisp		CODE           	38E2	0000	68
		_disp7s_modeDis		CODE           	3F60	0000	24
		_disp7s_qtyDisp		CODE           	3C38	0000	44
		_disp7s_mux0_of		CODE           	40E0	0000	4
		_disp7s_mux1_of		CODE           	40D8	0000	4
		_disp7s_mux2_of		CODE           	40D0	0000	4
		_disp7s_mux3_of		CODE           	40C8	0000	4
		_disp7s_mux4_of		CODE           	40C0	0000	4
		_disp7s_qtyDisp		CODE           	3F48	0000	24
		_disp7s_mux_ini		CODE           	3926	0000	68

display.c estimated size: 1608

/opt/microchip/xc8/v1.33/sources/common/fttol.c
		___fttol       		CODE           	2A02	0000	192

/opt/microchip/xc8/v1.33/sources/common/fttol.c estimated size: 192

pulsonic.c
		_pulsonic_getNu		CODE           	3CB2	0000	38
		_pulsonic_getTo		CODE           	338E	0000	120
		_pulsonic_init 		CODE           	2246	0000	468

pulsonic.c estimated size: 626

/opt/microchip/xc8/v1.33/sources/common/ftadd.c
		___ftadd       		CODE           	241A	0000	348

/opt/microchip/xc8/v1.33/sources/common/ftadd.c estimated size: 348

main.c
		_check_homeSens		CODE           	4098	0000	6
		_check_homeSens		CODE           	3C8C	0000	38
		_mykb_layout0  		CODE           	2856	0000	216
		_error_job     		CODE           	2E18	0000	150
		_main          		CODE           	188A	0000	844
		_check_oilLevel		CODE           	4092	0000	6
		_errorHandler_q		CODE           	306A	0000	142
		_INTERRUPCION  		CODE           	0008	0000	9846
		_check_oilLevel		CODE           	3B1C	0000	50

main.c estimated size: 11298

/opt/microchip/xc8/v1.33/sources/common/Umul16.c
		___wmul        		CODE           	3D24	0000	38

/opt/microchip/xc8/v1.33/sources/common/Umul16.c estimated size: 38

/opt/microchip/xc8/v1.33/sources/common/itoa.c
		_itoa          		CODE           	3A32	0000	62
		_utoa          		CODE           	2FD8	0000	146

/opt/microchip/xc8/v1.33/sources/common/itoa.c estimated size: 208

inputs.c
		_oilLevel_init 		CODE           	400A	0000	12
		_is_startSignal		CODE           	354C	0000	98
		_startSignal_in		CODE           	3EFA	0000	26
		_is_oilLevel   		CODE           	389C	0000	70

inputs.c estimated size: 206

flushAllMode.c
		_flushAllMode_c		CODE           	3C0C	0000	44
		_flushAllMode_j		CODE           	2C2C	0000	166

flushAllMode.c estimated size: 210

flushAtNozzle.c
		_flushAtNozzle_		CODE           	4084	0000	8
		_flushAtNozzle_		CODE           	3D94	0000	36
		_flushAtNozzle_		CODE           	347A	0000	110

flushAtNozzle.c estimated size: 154

/opt/microchip/xc8/v1.33/sources/pic18/asftadd.c
		___asftadd     		CODE           	0000	0000	0

/opt/microchip/xc8/v1.33/sources/pic18/asftadd.c estimated size: 0

