Microchip MPLAB XC8 Compiler V1.33 ()

Linker command line:

-W-3 --edf=/opt/microchip/xc8/v1.33/dat/en_msgs.txt -cs \
  -h+dist/default/production/bipolar_previous.X.production.sym \
  --cmf=dist/default/production/bipolar_previous.X.production.cmf -z \
  -Q18F4550 -o/tmp/cgtjiDOZI \
  -Mdist/default/production/bipolar_previous.X.production.map -E1 -ver=XC8 \
  -ASTACK=060h-07ffh -pstack=STACK -ACODE=00h-07FFFh -ACONST=00h-07FFFh \
  -ASMALLCONST=0800h-08FFhx120 -AMEDIUMCONST=0800h-07FFFh -ACOMRAM=01h-05Fh \
  -AABS1=00h-07FFh -ABIGRAM=01h-07FFh -ARAM=060h-0FFh,0100h-01FFhx7 \
  -ABANK0=060h-0FFh -ABANK1=0100h-01FFh -ABANK2=0200h-02FFh \
  -ABANK3=0300h-03FFh -ABANK4=0400h-04FFh -ABANK5=0500h-05FFh \
  -ABANK6=0600h-06FFh -ABANK7=0700h-07FFh -ASFR=0F60h-0FFFh \
  -preset_vec=00h,intcode=08h,intcodelo,powerup,init,end_init \
  -pramtop=0800h -psmallconst=SMALLCONST -pmediumconst=MEDIUMCONST \
  -pconst=CONST -AFARRAM=00h-00h -ACONFIG=0300000h-030000Dh -pconfig=CONFIG \
  -AIDLOC=0200000h-0200007h -pidloc=IDLOC -AEEDATA=0F00000h-0F000FFh \
  -peeprom_data=EEDATA \
  -prdata=COMRAM,nvrram=COMRAM,nvbit=COMRAM,rbss=COMRAM,rbit=COMRAM \
  -pfarbss=FARRAM,fardata=FARRAM,nvFARRAM=FARRAM \
  -pintsave_regs=BIGRAM,bigbss=BIGRAM,bigdata=BIGRAM -pbss=RAM \
  -pidata=CODE,irdata=CODE,ibigdata=CODE,ifardata=CODE /tmp/cgtE1ysIu.obj \
  dist/default/production/bipolar_previous.X.production.obj 

Object code version is 3.11

Machine type is 18F4550

Call graph: (short form)




                Name                               Link     Load   Length Selector   Space Scale
/tmp/cgtE1ysIu.obj
                end_init                             18       18        4        4       0
                reset_vec                             0        0        4        0       0
                idloc                            200000   200000        8   200000       0
                config                           300000   300000        E   300000       0
dist/default/production/bipolar_previous.X.production.obj
                intcode                               8        8       10        4       0
                text7                               248      248        6      11B       0
                text6                               242      242        6      11B       0
                text5                               23C      23C        6      11B       0
                text4                               236      236        6      11B       0
                text3                               198      198       48        4       0
                intcode_body                        10C      10C       8C        4       0
                text1                                1C       1C       F0        4       0
                text0                               20C      20C       20        4       0
                cstackCOMRAM                          1        1       14        1       1
                dataCOMRAM                           15       15        9        1       1
                bssCOMRAM                            1E       1E        1        1       1
                cinit                               1E0      1E0       2C        4       0
                idataCOMRAM                         22C      22C        9        4       0

TOTAL           Name                               Link     Load   Length     Space
        CLASS   STACK          

        CLASS   CODE           
                end_init                             18       18        4         0
                intcode                               8        8       10         0
                reset_vec                             0        0        4         0
                text7                               248      248        6         0
                text6                               242      242        6         0
                text5                               23C      23C        6         0
                text4                               236      236        6         0
                text3                               198      198       48         0
                intcode_body                        10C      10C       8C         0
                text1                                1C       1C       F0         0
                text0                               20C      20C       20         0
                cinit                               1E0      1E0       2C         0
                idataCOMRAM                         22C      22C        9         0

        CLASS   CONST          

        CLASS   SMALLCONST     

        CLASS   MEDIUMCONST    

        CLASS   COMRAM         
                cstackCOMRAM                          1        1       14         1
                dataCOMRAM                           15       15        9         1
                bssCOMRAM                            1E       1E        1         1

        CLASS   ABS1           

        CLASS   BIGRAM         

        CLASS   RAM            

        CLASS   BANK0          

        CLASS   BANK1          

        CLASS   BANK2          

        CLASS   BANK3          

        CLASS   BANK4          

        CLASS   BANK5          

        CLASS   BANK6          

        CLASS   BANK7          

        CLASS   SFR            

        CLASS   FARRAM         

        CLASS   CONFIG         
                config                           300000   300000        E         0

        CLASS   IDLOC          
                idloc                            200000   200000        8         0

        CLASS   EEDATA         



SEGMENTS        Name                           Load    Length   Top    Selector   Space  Class

                reset_vec                      000000  000004  000004         0       0  CODE    
                cstackCOMRAM                   000001  00001E  00001F         1       1  COMRAM  
                intcode                        000008  00022D  000235         4       0  CODE    
                text4                          000236  000018  00024E       11B       0  CODE    
                idloc                          200000  000008  200008    200000       0  IDLOC   
                config                         300000  00000E  30000E    300000       0  CONFIG  


UNUSED ADDRESS RANGES

        Name                Unused          Largest block    Delta
        BANK0            000060-0000FF               A0
        BANK1            000100-0001FF              100
        BANK2            000200-0002FF              100
        BANK3            000300-0003FF              100
        BANK4            000400-0004FF              100
        BANK5            000500-0005FF              100
        BANK6            000600-0006FF              100
        BANK7            000700-0007FF              100
        BIGRAM           00001F-0007FF              7E1
        CODE             000004-000007                4
                         000235-000235                1
                         00024E-007FFF             7DB2
        COMRAM           00001F-00005F               41
        CONST            000004-000007                4
                         000235-000235                1
                         00024E-007FFF             7DB2
        EEDATA           F00000-F000FF              100
        MEDIUMCONST      000800-007FFF             7800
        RAM              000060-0007FF              100
        SFR              000F60-000FFF               A0
        SMALLCONST       000800-007FFF              100
        STACK            000060-0007FF              7A0

                                  Symbol Table

INTERRUPCION@cticks      bssCOMRAM    00001E
_GIE                     (abs)        007F97
_INTERRUPCION            intcode      000008
_LATC1                   (abs)        007C59
_LATD                    (abs)        000F8C
_PEIE                    (abs)        007F96
_T0CON                   (abs)        000FD5
_TMR0H                   (abs)        000FD7
_TMR0IE                  (abs)        007F95
_TMR0IF                  (abs)        007F92
_TMR0L                   (abs)        000FD6
_TRISC1                  (abs)        007CA1
_TRISD                   (abs)        000F95
__CFG_BOR$OFF            (abs)        000000
__CFG_BORV$3             (abs)        000000
__CFG_CP0$ON             (abs)        000000
__CFG_CP1$ON             (abs)        000000
__CFG_CP2$ON             (abs)        000000
__CFG_CP3$ON             (abs)        000000
__CFG_CPD$OFF            (abs)        000000
__CFG_CPUDIV$OSC1_PLL2   (abs)        000000
__CFG_FCMEN$OFF          (abs)        000000
__CFG_FOSC$HSPLL_HS      (abs)        000000
__CFG_IESO$OFF           (abs)        000000
__CFG_LVP$OFF            (abs)        000000
__CFG_MCLRE$ON           (abs)        000000
__CFG_PBADEN$OFF         (abs)        000000
__CFG_PLLDIV$5           (abs)        000000
__CFG_PWRT$ON            (abs)        000000
__CFG_USBDIV$2           (abs)        000000
__CFG_VREGEN$ON          (abs)        000000
__CFG_WDT$OFF            (abs)        000000
__HRAM                   (abs)        000000
__Habs1                  abs1         000000
__Hbank0                 bank0        000000
__Hbank1                 bank1        000000
__Hbank2                 bank2        000000
__Hbank3                 bank3        000000
__Hbank4                 bank4        000000
__Hbank5                 bank5        000000
__Hbank6                 bank6        000000
__Hbank7                 bank7        000000
__Hbigbss                bigbss       000000
__Hbigdata               bigdata      000000
__Hbigram                bigram       000000
__Hbss                   bss          000000
__HbssCOMRAM             bssCOMRAM    000000
__Hcinit                 cinit        000000
__Hclrtext               clrtext      000000
__Hcomram                comram       000000
__Hconfig                config       30000E
__Hconst                 const        000000
__HcstackCOMRAM          cstackCOMRAM 000000
__Hdata                  data         000000
__HdataCOMRAM            dataCOMRAM   000000
__Heeprom_data           eeprom_data  000000
__Hend_init              end_init     00001C
__Hfarbss                farbss       000000
__Hfardata               fardata      000000
__Hibigdata              ibigdata     000000
__Hidata                 idata        000000
__HidataCOMRAM           idataCOMRAM  000000
__Hidloc                 idloc        200008
__Hifardata              ifardata     000000
__Hinit                  init         000018
__Hintcode               intcode      000018
__Hintcode_body          intcode_body 000000
__Hintcodelo             intcodelo    000018
__Hintentry              intentry     000000
__Hintret                intret       000000
__Hintsave_regs          intsave_regs 000000
__Hirdata                irdata       000000
__Hmediumconst           mediumconst  000000
__HnvFARRAM              nvFARRAM     000000
__Hnvbit                 nvbit        000000
__Hnvrram                nvrram       000000
__Hparam                 rparam       000000
__Hpowerup               powerup      000018
__Hram                   ram          000000
__Hramtop                ramtop       000800
__Hrbit                  rbit         000000
__Hrbss                  rbss         000000
__Hrdata                 rdata        000000
__Hreset_vec             reset_vec    000004
__Hrparam                rparam       000000
__Hsfr                   sfr          000000
__Hsmallconst            smallconst   000000
__Hspace_0               (abs)        30000E
__Hspace_1               (abs)        00001F
__Hspace_2               (abs)        000000
__Hstack                 stack        000000
__Hstruct                struct       000000
__Htemp                  temp         000000
__Htext                  text         000000
__Htext0                 text0        000000
__Htext1                 text1        000000
__Htext3                 text3        000000
__Htext4                 text4        000000
__Htext5                 text5        000000
__Htext6                 text6        000000
__Htext7                 text7        000000
__Htext8                 text8        000000
__LRAM                   (abs)        000001
__Labs1                  abs1         000000
__Lbank0                 bank0        000000
__Lbank1                 bank1        000000
__Lbank2                 bank2        000000
__Lbank3                 bank3        000000
__Lbank4                 bank4        000000
__Lbank5                 bank5        000000
__Lbank6                 bank6        000000
__Lbank7                 bank7        000000
__Lbigbss                bigbss       000000
__Lbigdata               bigdata      000000
__Lbigram                bigram       000000
__Lbss                   bss          000000
__LbssCOMRAM             bssCOMRAM    000000
__Lcinit                 cinit        000000
__Lclrtext               clrtext      000000
__Lcomram                comram       000000
__Lconfig                config       300000
__Lconst                 const        000000
__LcstackCOMRAM          cstackCOMRAM 000000
__Ldata                  data         000000
__LdataCOMRAM            dataCOMRAM   000000
__Leeprom_data           eeprom_data  000000
__Lend_init              end_init     000018
__Lfarbss                farbss       000000
__Lfardata               fardata      000000
__Libigdata              ibigdata     000000
__Lidata                 idata        000000
__LidataCOMRAM           idataCOMRAM  000000
__Lidloc                 idloc        200000
__Lifardata              ifardata     000000
__Linit                  init         000018
__Lintcode               intcode      000008
__Lintcode_body          intcode_body 000000
__Lintcodelo             intcodelo    000018
__Lintentry              intentry     000000
__Lintret                intret       000000
__Lintsave_regs          intsave_regs 000000
__Lirdata                irdata       000000
__Lmediumconst           mediumconst  000000
__LnvFARRAM              nvFARRAM     000000
__Lnvbit                 nvbit        000000
__Lnvrram                nvrram       000000
__Lparam                 rparam       000000
__Lpowerup               powerup      000018
__Lram                   ram          000000
__Lramtop                ramtop       000800
__Lrbit                  rbit         000000
__Lrbss                  rbss         000000
__Lrdata                 rdata        000000
__Lreset_vec             reset_vec    000000
__Lrparam                rparam       000000
__Lsfr                   sfr          000000
__Lsmallconst            smallconst   000000
__Lspace_0               (abs)        000000
__Lspace_1               (abs)        000000
__Lspace_2               (abs)        000000
__Lstack                 stack        000000
__Lstruct                struct       000000
__Ltemp                  temp         000000
__Ltext                  text         000000
__Ltext0                 text0        000000
__Ltext1                 text1        000000
__Ltext3                 text3        000000
__Ltext4                 text4        000000
__Ltext5                 text5        000000
__Ltext6                 text6        000000
__Ltext7                 text7        000000
__Ltext8                 text8        000000
__S0                     (abs)        30000E
__S1                     (abs)        00001F
__S2                     (abs)        000000
___inthi_sp              stack        000000
___intlo_sp              stack        000000
___sp                    stack        000000
__accesstop              (abs)        000060
__activetblptr           (abs)        000002
__end_of_INTERRUPCION    intcode_body 000198
__end_of__initialization cinit        000202
__end_of__mpap_step1     text6        000248
__end_of__mpap_step2     text5        000242
__end_of__mpap_step3     text4        00023C
__end_of__mpap_step4     text7        00024E
__end_of_halpstep        text1        00010C
__end_of_main            text0        00022C
__end_of_mpap_do1step    text3        0001E0
__initialization         cinit        0001E0
__mediumconst            mediumconst  000000
__mpap_step1             text6        000242
__mpap_step2             text5        00023C
__mpap_step3             text4        000236
__mpap_step4             text7        000248
__pbssCOMRAM             bssCOMRAM    00001E
__pcinit                 cinit        0001E0
__pcstackCOMRAM          cstackCOMRAM 000001
__pdataCOMRAM            dataCOMRAM   000015
__pidataCOMRAM           idataCOMRAM  00022C
__pintcode               intcode      000008
__pintcode_body          intcode_body 00010C
__ptext0                 text0        00020C
__ptext1                 text1        00001C
__ptext3                 text3        000198
__ptext4                 text4        000236
__ptext5                 text5        00023C
__ptext6                 text6        000242
__ptext7                 text7        000248
__ptext8                 text8        000000
__ramtop                 ramtop       000800
__size_of_INTERRUPCION   (abs)        000000
__size_of__mpap_step1    (abs)        000000
__size_of__mpap_step2    (abs)        000000
__size_of__mpap_step3    (abs)        000000
__size_of__mpap_step4    (abs)        000000
__size_of_halpstep       (abs)        000000
__size_of_main           (abs)        000000
__size_of_mpap_do1step   (abs)        000000
__smallconst             smallconst   000000
_halpstep                text1        00001C
_main                    text0        00020C
_mpap_do1step            text3        000198
_mpap_step               dataCOMRAM   000015
end_of_initialization    cinit        000202
halpstep@d               cstackCOMRAM 000011
halpstep@i               cstackCOMRAM 000013
int_func                 intcode_body 00010C
intlevel0                text         000000
intlevel1                text         000000
intlevel2                text         000000
intlevel3                text         000000
mpap_do1step@KI          cstackCOMRAM 000001
mpap_do1step@i           dataCOMRAM   00001D
stackhi                  (abs)        0007FF
stacklo                  (abs)        000060
start                    init         000018
start_initialization     cinit        0001E0


FUNCTION INFORMATION:

 *************** function _main *****************
 Defined at:
		line 126 in file "bipolar1.c"
 Parameters:    Size  Location     Type
		None
 Auto vars:     Size  Location     Type
		None
 Return value:  Size  Location     Type
		None               void
 Registers used:
		wreg, status,2, status,0, cstack
 Tracked objects:
		On entry : 
		On exit  : 
		Unchanged: 
 Data sizes:     COMRAM   BANK0   BANK1   BANK2   BANK3   BANK4   BANK5   BANK6   BANK7
      Params:         0       0       0       0       0       0       0       0       0
      Locals:         0       0       0       0       0       0       0       0       0
      Temps:          0       0       0       0       0       0       0       0       0
      Totals:         0       0       0       0       0       0       0       0       0
Total ram usage:        0 bytes
 Hardware stack levels required when called:    4
 This function calls:
		_halpstep
 This function is called by:
		Startup code after reset
 This function uses a non-reentrant model


 *************** function _halpstep *****************
 Defined at:
		line 59 in file "bipolar1.c"
 Parameters:    Size  Location     Type
		None
 Auto vars:     Size  Location     Type
  i               2   18[COMRAM] int 
  d               2   16[COMRAM] int 
 Return value:  Size  Location     Type
		None               void
 Registers used:
		wreg, status,2, status,0
 Tracked objects:
		On entry : 
		On exit  : 
		Unchanged: 
 Data sizes:     COMRAM   BANK0   BANK1   BANK2   BANK3   BANK4   BANK5   BANK6   BANK7
      Params:         0       0       0       0       0       0       0       0       0
      Locals:         4       0       0       0       0       0       0       0       0
      Temps:          1       0       0       0       0       0       0       0       0
      Totals:         5       0       0       0       0       0       0       0       0
Total ram usage:        5 bytes
 Hardware stack levels used:    1
 Hardware stack levels required when called:    3
 This function calls:
		Nothing
 This function is called by:
		_main
 This function uses a non-reentrant model


 *************** function _INTERRUPCION *****************
 Defined at:
		line 152 in file "bipolar1.c"
 Parameters:    Size  Location     Type
		None
 Auto vars:     Size  Location     Type
		None
 Return value:  Size  Location     Type
		None               void
 Registers used:
		wreg, fsr2l, fsr2h, status,2, status,0, pclat, tosl, prodl, prodh, cstack
 Tracked objects:
		On entry : 
		On exit  : 
		Unchanged: 
 Data sizes:     COMRAM   BANK0   BANK1   BANK2   BANK3   BANK4   BANK5   BANK6   BANK7
      Params:         0       0       0       0       0       0       0       0       0
      Locals:         0       0       0       0       0       0       0       0       0
      Temps:         14       0       0       0       0       0       0       0       0
      Totals:        14       0       0       0       0       0       0       0       0
Total ram usage:       14 bytes
 Hardware stack levels used:    1
 Hardware stack levels required when called:    2
 This function calls:
		_mpap_do1step
 This function is called by:
		Interrupt level 2
 This function uses a non-reentrant model


 *************** function _mpap_do1step *****************
 Defined at:
		line 39 in file "bipolar1.c"
 Parameters:    Size  Location     Type
  KI              1    wreg     char 
 Auto vars:     Size  Location     Type
  KI              1    0[COMRAM] char 
 Return value:  Size  Location     Type
		None               void
 Registers used:
		wreg, fsr2l, fsr2h, status,2, status,0, pclat, tosl, prodl, prodh, cstack
 Tracked objects:
		On entry : 
		On exit  : 
		Unchanged: 
 Data sizes:     COMRAM   BANK0   BANK1   BANK2   BANK3   BANK4   BANK5   BANK6   BANK7
      Params:         0       0       0       0       0       0       0       0       0
      Locals:         1       0       0       0       0       0       0       0       0
      Temps:          0       0       0       0       0       0       0       0       0
      Totals:         1       0       0       0       0       0       0       0       0
Total ram usage:        1 bytes
 Hardware stack levels used:    1
 Hardware stack levels required when called:    1
 This function calls:
		__mpap_step1
		__mpap_step2
		__mpap_step3
		__mpap_step4
 This function is called by:
		_INTERRUPCION
 This function uses a non-reentrant model


 *************** function __mpap_step3 *****************
 Defined at:
		line 28 in file "bipolar1.c"
 Parameters:    Size  Location     Type
		None
 Auto vars:     Size  Location     Type
		None
 Return value:  Size  Location     Type
		None               void
 Registers used:
		wreg, status,2
 Tracked objects:
		On entry : 
		On exit  : 
		Unchanged: 
 Data sizes:     COMRAM   BANK0   BANK1   BANK2   BANK3   BANK4   BANK5   BANK6   BANK7
      Params:         0       0       0       0       0       0       0       0       0
      Locals:         0       0       0       0       0       0       0       0       0
      Temps:          0       0       0       0       0       0       0       0       0
      Totals:         0       0       0       0       0       0       0       0       0
Total ram usage:        0 bytes
 Hardware stack levels used:    1
 This function calls:
		Nothing
 This function is called by:
		_mpap_do1step
 This function uses a non-reentrant model


 *************** function __mpap_step2 *****************
 Defined at:
		line 24 in file "bipolar1.c"
 Parameters:    Size  Location     Type
		None
 Auto vars:     Size  Location     Type
		None
 Return value:  Size  Location     Type
		None               void
 Registers used:
		wreg, status,2
 Tracked objects:
		On entry : 
		On exit  : 
		Unchanged: 
 Data sizes:     COMRAM   BANK0   BANK1   BANK2   BANK3   BANK4   BANK5   BANK6   BANK7
      Params:         0       0       0       0       0       0       0       0       0
      Locals:         0       0       0       0       0       0       0       0       0
      Temps:          0       0       0       0       0       0       0       0       0
      Totals:         0       0       0       0       0       0       0       0       0
Total ram usage:        0 bytes
 Hardware stack levels used:    1
 This function calls:
		Nothing
 This function is called by:
		_mpap_do1step
 This function uses a non-reentrant model


 *************** function __mpap_step1 *****************
 Defined at:
		line 20 in file "bipolar1.c"
 Parameters:    Size  Location     Type
		None
 Auto vars:     Size  Location     Type
		None
 Return value:  Size  Location     Type
		None               void
 Registers used:
		wreg, status,2
 Tracked objects:
		On entry : 
		On exit  : 
		Unchanged: 
 Data sizes:     COMRAM   BANK0   BANK1   BANK2   BANK3   BANK4   BANK5   BANK6   BANK7
      Params:         0       0       0       0       0       0       0       0       0
      Locals:         0       0       0       0       0       0       0       0       0
      Temps:          0       0       0       0       0       0       0       0       0
      Totals:         0       0       0       0       0       0       0       0       0
Total ram usage:        0 bytes
 Hardware stack levels used:    1
 This function calls:
		Nothing
 This function is called by:
		_mpap_do1step
 This function uses a non-reentrant model


 *************** function __mpap_step4 *****************
 Defined at:
		line 32 in file "bipolar1.c"
 Parameters:    Size  Location     Type
		None
 Auto vars:     Size  Location     Type
		None
 Return value:  Size  Location     Type
		None               void
 Registers used:
		wreg, status,2
 Tracked objects:
		On entry : 
		On exit  : 
		Unchanged: 
 Data sizes:     COMRAM   BANK0   BANK1   BANK2   BANK3   BANK4   BANK5   BANK6   BANK7
      Params:         0       0       0       0       0       0       0       0       0
      Locals:         0       0       0       0       0       0       0       0       0
      Temps:          0       0       0       0       0       0       0       0       0
      Totals:         0       0       0       0       0       0       0       0       0
Total ram usage:        0 bytes
 Hardware stack levels used:    1
 This function calls:
		Nothing
 This function is called by:
		_mpap_do1step
 This function uses a non-reentrant model



MODULE INFORMATION

Module		Function		Class		Link	Load	Size
shared
		__initializatio		CODE           	01E0	0000	34

shared estimated size: 34

bipolar1.c
		_main          		CODE           	020C	0000	32
		_mpap_do1step  		CODE           	0198	0000	72
		__mpap_step1   		CODE           	0242	0000	6
		__mpap_step2   		CODE           	023C	0000	6
		__mpap_step3   		CODE           	0236	0000	6
		__mpap_step4   		CODE           	0248	0000	6
		_halpstep      		CODE           	001C	0000	240
		_INTERRUPCION  		CODE           	0008	0000	400

bipolar1.c estimated size: 768

